// Jest Snapshot v1, https://goo.gl/fbAQLP

exports[`util should getCanonicalSlotResolution 1`] = `
Object {
  "id": "FRIDAY",
}
`;

exports[`util should getCanonicalSlotResolution 2`] = `null`;
